MPLINK 5.08, LINKER
Linker Map File - Created Tue Nov 24 16:42:50 2020

                                 Section Info
                  Section       Type    Address   Location Size(Bytes)
                ---------  ---------  ---------  ---------  ---------
                 RES_VECT       code   0x000000    program   0x000002
                   .cinit    romdata   0x000001    program   0x000004
                 ISR_VECT       code   0x000004    program   0x00006e
                MAIN_PROG       code   0x00003b    program   0x00022a
.config_2007_BUILD/DEFAULT/PRODUCTION/PROYECT       code   0x002007    program   0x000002
.config_2008_BUILD/DEFAULT/PRODUCTION/PROYECT       code   0x002008    program   0x000002
                  GPR_VAR      udata   0x000020       data   0x000011



                              Program Memory Usage 
                               Start         End      
                           ---------   ---------      
                            0x000000    0x000002      
                            0x000004    0x00014f      
                            0x002007    0x002008      
            337 out of 8455 program addresses used, program memory utilization is 3%



                              Symbols - Sorted by Name
                     Name    Address   Location    Storage File                     
                ---------  ---------  ---------  --------- ---------                
                       AA   0x0000d9    program     static C:\Users\servi\MPLABXProjects\proyecto_3.X\proyecto_3.asm
                      AA2   0x0000dd    program     static C:\Users\servi\MPLABXProjects\proyecto_3.X\proyecto_3.asm
                 BANDERAS   0x000019    program     static C:\Users\servi\MPLABXProjects\proyecto_3.X\proyecto_3.asm
                  CONFIG1   0x000147    program     static C:\Users\servi\MPLABXProjects\proyecto_3.X\proyecto_3.asm
                  CONFIG2   0x00014d    program     static C:\Users\servi\MPLABXProjects\proyecto_3.X\proyecto_3.asm
               CONFIG_ADC   0x000136    program     static C:\Users\servi\MPLABXProjects\proyecto_3.X\proyecto_3.asm
         CONFIG_INTERRUPT   0x00013e    program     static C:\Users\servi\MPLABXProjects\proyecto_3.X\proyecto_3.asm
        CONFIG_INTERRUPT0   0x000118    program     static C:\Users\servi\MPLABXProjects\proyecto_3.X\proyecto_3.asm
                CONFIG_IO   0x00011c    program     static C:\Users\servi\MPLABXProjects\proyecto_3.X\proyecto_3.asm
               CONFIG_OSC   0x000106    program     static C:\Users\servi\MPLABXProjects\proyecto_3.X\proyecto_3.asm
              CONFIG_TMR0   0x00010b    program     static C:\Users\servi\MPLABXProjects\proyecto_3.X\proyecto_3.asm
                    COSO1   0x000019    program     static C:\Users\servi\MPLABXProjects\proyecto_3.X\proyecto_3.asm
                    COSO2   0x000033    program     static C:\Users\servi\MPLABXProjects\proyecto_3.X\proyecto_3.asm
                 COSO_ADC   0x00002b    program     static C:\Users\servi\MPLABXProjects\proyecto_3.X\proyecto_3.asm
                COSO_TMR0   0x000011    program     static C:\Users\servi\MPLABXProjects\proyecto_3.X\proyecto_3.asm
                  DELAY_1   0x000145    program     static C:\Users\servi\MPLABXProjects\proyecto_3.X\proyecto_3.asm
                  DELAY_2   0x00014b    program     static C:\Users\servi\MPLABXProjects\proyecto_3.X\proyecto_3.asm
                      ES1   0x0000b8    program     static C:\Users\servi\MPLABXProjects\proyecto_3.X\proyecto_3.asm
                      ES2   0x00009b    program     static C:\Users\servi\MPLABXProjects\proyecto_3.X\proyecto_3.asm
                ESCRITURA   0x000099    program     static C:\Users\servi\MPLABXProjects\proyecto_3.X\proyecto_3.asm
                 INC_MODO   0x0000d4    program     static C:\Users\servi\MPLABXProjects\proyecto_3.X\proyecto_3.asm
                      ISR   0x000008    program     static C:\Users\servi\MPLABXProjects\proyecto_3.X\proyecto_3.asm
                     LEER   0x00006c    program     static C:\Users\servi\MPLABXProjects\proyecto_3.X\proyecto_3.asm
                     LOOP   0x000042    program     static C:\Users\servi\MPLABXProjects\proyecto_3.X\proyecto_3.asm
                    MODO1   0x00005d    program     static C:\Users\servi\MPLABXProjects\proyecto_3.X\proyecto_3.asm
                    MODO2   0x000056    program     static C:\Users\servi\MPLABXProjects\proyecto_3.X\proyecto_3.asm
                    MODO3   0x000055    program     static C:\Users\servi\MPLABXProjects\proyecto_3.X\proyecto_3.asm
                      POP   0x00000c    program     static C:\Users\servi\MPLABXProjects\proyecto_3.X\proyecto_3.asm
               PRIMERCOSO   0x0000b6    program     static C:\Users\servi\MPLABXProjects\proyecto_3.X\proyecto_3.asm
                     PUSH   0x000004    program     static C:\Users\servi\MPLABXProjects\proyecto_3.X\proyecto_3.asm
             SEGUNDOSERVO   0x000082    program     static C:\Users\servi\MPLABXProjects\proyecto_3.X\proyecto_3.asm
                   SERVOS   0x00005f    program     static C:\Users\servi\MPLABXProjects\proyecto_3.X\proyecto_3.asm
                    START   0x00003b    program     static C:\Users\servi\MPLABXProjects\proyecto_3.X\proyecto_3.asm
                 TERMINAR   0x000038    program     static C:\Users\servi\MPLABXProjects\proyecto_3.X\proyecto_3.asm
                 UGHHHHHH   0x0000e6    program     static C:\Users\servi\MPLABXProjects\proyecto_3.X\proyecto_3.asm
          _MAIN_PROG_0072   0x0000ad    program     static C:\Users\servi\MPLABXProjects\proyecto_3.X\proyecto_3.asm
          _MAIN_PROG_008F   0x0000ca    program     static C:\Users\servi\MPLABXProjects\proyecto_3.X\proyecto_3.asm
                  BANDERA   0x000024       data     static C:\Users\servi\MPLABXProjects\proyecto_3.X\proyecto_3.asm
                 CONTADOR   0x00002d       data     static C:\Users\servi\MPLABXProjects\proyecto_3.X\proyecto_3.asm
                     COSO   0x00002c       data     static C:\Users\servi\MPLABXProjects\proyecto_3.X\proyecto_3.asm
                     MODO   0x000027       data     static C:\Users\servi\MPLABXProjects\proyecto_3.X\proyecto_3.asm
                     NADA   0x00002b       data     static C:\Users\servi\MPLABXProjects\proyecto_3.X\proyecto_3.asm
                   SENAL3   0x000030       data     static C:\Users\servi\MPLABXProjects\proyecto_3.X\proyecto_3.asm
                   SERVO1   0x000025       data     static C:\Users\servi\MPLABXProjects\proyecto_3.X\proyecto_3.asm
            SERVO1_EEPROM   0x00002a       data     static C:\Users\servi\MPLABXProjects\proyecto_3.X\proyecto_3.asm
                   SERVO2   0x000026       data     static C:\Users\servi\MPLABXProjects\proyecto_3.X\proyecto_3.asm
            SERVO2_EEPROM   0x000029       data     static C:\Users\servi\MPLABXProjects\proyecto_3.X\proyecto_3.asm
                   SERVO3   0x00002e       data     static C:\Users\servi\MPLABXProjects\proyecto_3.X\proyecto_3.asm
                   SERVO4   0x00002f       data     static C:\Users\servi\MPLABXProjects\proyecto_3.X\proyecto_3.asm
                  TIEMPOO   0x000028       data     static C:\Users\servi\MPLABXProjects\proyecto_3.X\proyecto_3.asm
                 TIEMPO_1   0x000020       data     static C:\Users\servi\MPLABXProjects\proyecto_3.X\proyecto_3.asm
                 TIEMPO_2   0x000021       data     static C:\Users\servi\MPLABXProjects\proyecto_3.X\proyecto_3.asm
               VAR_STATUS   0x000023       data     static C:\Users\servi\MPLABXProjects\proyecto_3.X\proyecto_3.asm
                   W_TEMP   0x000022       data     static C:\Users\servi\MPLABXProjects\proyecto_3.X\proyecto_3.asm



                              Symbols - Sorted by Address
                     Name    Address   Location    Storage File                     
                ---------  ---------  ---------  --------- ---------                
                     PUSH   0x000004    program     static C:\Users\servi\MPLABXProjects\proyecto_3.X\proyecto_3.asm
                      ISR   0x000008    program     static C:\Users\servi\MPLABXProjects\proyecto_3.X\proyecto_3.asm
                      POP   0x00000c    program     static C:\Users\servi\MPLABXProjects\proyecto_3.X\proyecto_3.asm
                COSO_TMR0   0x000011    program     static C:\Users\servi\MPLABXProjects\proyecto_3.X\proyecto_3.asm
                 BANDERAS   0x000019    program     static C:\Users\servi\MPLABXProjects\proyecto_3.X\proyecto_3.asm
                    COSO1   0x000019    program     static C:\Users\servi\MPLABXProjects\proyecto_3.X\proyecto_3.asm
                 COSO_ADC   0x00002b    program     static C:\Users\servi\MPLABXProjects\proyecto_3.X\proyecto_3.asm
                    COSO2   0x000033    program     static C:\Users\servi\MPLABXProjects\proyecto_3.X\proyecto_3.asm
                 TERMINAR   0x000038    program     static C:\Users\servi\MPLABXProjects\proyecto_3.X\proyecto_3.asm
                    START   0x00003b    program     static C:\Users\servi\MPLABXProjects\proyecto_3.X\proyecto_3.asm
                     LOOP   0x000042    program     static C:\Users\servi\MPLABXProjects\proyecto_3.X\proyecto_3.asm
                    MODO3   0x000055    program     static C:\Users\servi\MPLABXProjects\proyecto_3.X\proyecto_3.asm
                    MODO2   0x000056    program     static C:\Users\servi\MPLABXProjects\proyecto_3.X\proyecto_3.asm
                    MODO1   0x00005d    program     static C:\Users\servi\MPLABXProjects\proyecto_3.X\proyecto_3.asm
                   SERVOS   0x00005f    program     static C:\Users\servi\MPLABXProjects\proyecto_3.X\proyecto_3.asm
                     LEER   0x00006c    program     static C:\Users\servi\MPLABXProjects\proyecto_3.X\proyecto_3.asm
             SEGUNDOSERVO   0x000082    program     static C:\Users\servi\MPLABXProjects\proyecto_3.X\proyecto_3.asm
                ESCRITURA   0x000099    program     static C:\Users\servi\MPLABXProjects\proyecto_3.X\proyecto_3.asm
                      ES2   0x00009b    program     static C:\Users\servi\MPLABXProjects\proyecto_3.X\proyecto_3.asm
          _MAIN_PROG_0072   0x0000ad    program     static C:\Users\servi\MPLABXProjects\proyecto_3.X\proyecto_3.asm
               PRIMERCOSO   0x0000b6    program     static C:\Users\servi\MPLABXProjects\proyecto_3.X\proyecto_3.asm
                      ES1   0x0000b8    program     static C:\Users\servi\MPLABXProjects\proyecto_3.X\proyecto_3.asm
          _MAIN_PROG_008F   0x0000ca    program     static C:\Users\servi\MPLABXProjects\proyecto_3.X\proyecto_3.asm
                 INC_MODO   0x0000d4    program     static C:\Users\servi\MPLABXProjects\proyecto_3.X\proyecto_3.asm
                       AA   0x0000d9    program     static C:\Users\servi\MPLABXProjects\proyecto_3.X\proyecto_3.asm
                      AA2   0x0000dd    program     static C:\Users\servi\MPLABXProjects\proyecto_3.X\proyecto_3.asm
                 UGHHHHHH   0x0000e6    program     static C:\Users\servi\MPLABXProjects\proyecto_3.X\proyecto_3.asm
               CONFIG_OSC   0x000106    program     static C:\Users\servi\MPLABXProjects\proyecto_3.X\proyecto_3.asm
              CONFIG_TMR0   0x00010b    program     static C:\Users\servi\MPLABXProjects\proyecto_3.X\proyecto_3.asm
        CONFIG_INTERRUPT0   0x000118    program     static C:\Users\servi\MPLABXProjects\proyecto_3.X\proyecto_3.asm
                CONFIG_IO   0x00011c    program     static C:\Users\servi\MPLABXProjects\proyecto_3.X\proyecto_3.asm
               CONFIG_ADC   0x000136    program     static C:\Users\servi\MPLABXProjects\proyecto_3.X\proyecto_3.asm
         CONFIG_INTERRUPT   0x00013e    program     static C:\Users\servi\MPLABXProjects\proyecto_3.X\proyecto_3.asm
                  DELAY_1   0x000145    program     static C:\Users\servi\MPLABXProjects\proyecto_3.X\proyecto_3.asm
                  CONFIG1   0x000147    program     static C:\Users\servi\MPLABXProjects\proyecto_3.X\proyecto_3.asm
                  DELAY_2   0x00014b    program     static C:\Users\servi\MPLABXProjects\proyecto_3.X\proyecto_3.asm
                  CONFIG2   0x00014d    program     static C:\Users\servi\MPLABXProjects\proyecto_3.X\proyecto_3.asm
                 TIEMPO_1   0x000020       data     static C:\Users\servi\MPLABXProjects\proyecto_3.X\proyecto_3.asm
                 TIEMPO_2   0x000021       data     static C:\Users\servi\MPLABXProjects\proyecto_3.X\proyecto_3.asm
                   W_TEMP   0x000022       data     static C:\Users\servi\MPLABXProjects\proyecto_3.X\proyecto_3.asm
               VAR_STATUS   0x000023       data     static C:\Users\servi\MPLABXProjects\proyecto_3.X\proyecto_3.asm
                  BANDERA   0x000024       data     static C:\Users\servi\MPLABXProjects\proyecto_3.X\proyecto_3.asm
                   SERVO1   0x000025       data     static C:\Users\servi\MPLABXProjects\proyecto_3.X\proyecto_3.asm
                   SERVO2   0x000026       data     static C:\Users\servi\MPLABXProjects\proyecto_3.X\proyecto_3.asm
                     MODO   0x000027       data     static C:\Users\servi\MPLABXProjects\proyecto_3.X\proyecto_3.asm
                  TIEMPOO   0x000028       data     static C:\Users\servi\MPLABXProjects\proyecto_3.X\proyecto_3.asm
            SERVO2_EEPROM   0x000029       data     static C:\Users\servi\MPLABXProjects\proyecto_3.X\proyecto_3.asm
            SERVO1_EEPROM   0x00002a       data     static C:\Users\servi\MPLABXProjects\proyecto_3.X\proyecto_3.asm
                     NADA   0x00002b       data     static C:\Users\servi\MPLABXProjects\proyecto_3.X\proyecto_3.asm
                     COSO   0x00002c       data     static C:\Users\servi\MPLABXProjects\proyecto_3.X\proyecto_3.asm
                 CONTADOR   0x00002d       data     static C:\Users\servi\MPLABXProjects\proyecto_3.X\proyecto_3.asm
                   SERVO3   0x00002e       data     static C:\Users\servi\MPLABXProjects\proyecto_3.X\proyecto_3.asm
                   SERVO4   0x00002f       data     static C:\Users\servi\MPLABXProjects\proyecto_3.X\proyecto_3.asm
                   SENAL3   0x000030       data     static C:\Users\servi\MPLABXProjects\proyecto_3.X\proyecto_3.asm


